// Jest Snapshot v1, https://goo.gl/fbAQLP

exports[`should display the correct text 1`] = `
Array [
  <h1>
    This is a title
  </h1>,
  <style
    jsx={true}
  >
    
      h1 {
        font-family: sans-serif;
      }
    
  </style>,
]
`;
